// Jest Snapshot v1, https://goo.gl/fbAQLP

exports[`SearchForm matches the snapshot 1`] = `
<div>
  <form
    aria-label="Search for a carpool"
    autocomplete="off"
    class="searchForm"
  >
    <label
      for="fromCityInput"
    >
      From city
      <div
        class="placesAutocomplete"
      >
        <input
          id="fromCityInput"
          placeholder="Enter a departure place"
          value=""
        />
        <ul />
      </div>
    </label>
    <label
      for="toCityInput"
    >
      To city
      <div
        class="placesAutocomplete"
      >
        <input
          id="toCityInput"
          placeholder="Enter a destination place"
          value=""
        />
        <ul />
      </div>
    </label>
    <label
      for="dateInput"
    >
      Date
      <input
        type="text"
        value="01/01/2024"
      />
    </label>
    <button
      class="submitButton"
      type="submit"
    >
      <img
        alt="Search"
        class="searchIcon"
        data-nimg="1"
        decoding="async"
        height="24"
        loading="lazy"
        src="/search.svg"
        style="color: transparent;"
        width="24"
      />
    </button>
  </form>
</div>
`;
